// Jest Snapshot v1, https://goo.gl/fbAQLP

exports[`renders the Quote component 1`] = `
<div>
  <p
    className="quoteText"
  >
    Mathematics is not about numbers, equations, computations, or algorithms: it is about understanding. â€“William Paul Thurston
  </p>
</div>
`;
